Archive member included to satisfy reference by file (symbol)

C:/ST/STM32CubeIDE_1.13.0/STM32CubeIDE/plugins/com.st.stm32cube.ide.mcu.externaltools.gnu-tools-for-stm32.11.3.rel1.win32_1.1.0.202305231506/tools/bin/../lib/gcc/arm-none-eabi/11.3.1/../../../../arm-none-eabi/lib/thumb/v7e-m+fp/hard\libc_nano.a(libc_a-exit.o)
                              C:/ST/STM32CubeIDE_1.13.0/STM32CubeIDE/plugins/com.st.stm32cube.ide.mcu.externaltools.gnu-tools-for-stm32.11.3.rel1.win32_1.1.0.202305231506/tools/bin/../lib/gcc/arm-none-eabi/11.3.1/../../../../arm-none-eabi/lib/thumb/v7e-m+fp/hard/crt0.o (exit)
C:/ST/STM32CubeIDE_1.13.0/STM32CubeIDE/plugins/com.st.stm32cube.ide.mcu.externaltools.gnu-tools-for-stm32.11.3.rel1.win32_1.1.0.202305231506/tools/bin/../lib/gcc/arm-none-eabi/11.3.1/../../../../arm-none-eabi/lib/thumb/v7e-m+fp/hard\libc_nano.a(libc_a-findfp.o)
                              C:/ST/STM32CubeIDE_1.13.0/STM32CubeIDE/plugins/com.st.stm32cube.ide.mcu.externaltools.gnu-tools-for-stm32.11.3.rel1.win32_1.1.0.202305231506/tools/bin/../lib/gcc/arm-none-eabi/11.3.1/../../../../arm-none-eabi/lib/thumb/v7e-m+fp/hard\libc_nano.a(libc_a-exit.o) (__stdio_exit_handler)
C:/ST/STM32CubeIDE_1.13.0/STM32CubeIDE/plugins/com.st.stm32cube.ide.mcu.externaltools.gnu-tools-for-stm32.11.3.rel1.win32_1.1.0.202305231506/tools/bin/../lib/gcc/arm-none-eabi/11.3.1/../../../../arm-none-eabi/lib/thumb/v7e-m+fp/hard\libc_nano.a(libc_a-fwalk.o)
                              C:/ST/STM32CubeIDE_1.13.0/STM32CubeIDE/plugins/com.st.stm32cube.ide.mcu.externaltools.gnu-tools-for-stm32.11.3.rel1.win32_1.1.0.202305231506/tools/bin/../lib/gcc/arm-none-eabi/11.3.1/../../../../arm-none-eabi/lib/thumb/v7e-m+fp/hard\libc_nano.a(libc_a-findfp.o) (_fwalk_sglue)
C:/ST/STM32CubeIDE_1.13.0/STM32CubeIDE/plugins/com.st.stm32cube.ide.mcu.externaltools.gnu-tools-for-stm32.11.3.rel1.win32_1.1.0.202305231506/tools/bin/../lib/gcc/arm-none-eabi/11.3.1/../../../../arm-none-eabi/lib/thumb/v7e-m+fp/hard\libc_nano.a(libc_a-stdio.o)
                              C:/ST/STM32CubeIDE_1.13.0/STM32CubeIDE/plugins/com.st.stm32cube.ide.mcu.externaltools.gnu-tools-for-stm32.11.3.rel1.win32_1.1.0.202305231506/tools/bin/../lib/gcc/arm-none-eabi/11.3.1/../../../../arm-none-eabi/lib/thumb/v7e-m+fp/hard\libc_nano.a(libc_a-findfp.o) (__sread)
C:/ST/STM32CubeIDE_1.13.0/STM32CubeIDE/plugins/com.st.stm32cube.ide.mcu.externaltools.gnu-tools-for-stm32.11.3.rel1.win32_1.1.0.202305231506/tools/bin/../lib/gcc/arm-none-eabi/11.3.1/../../../../arm-none-eabi/lib/thumb/v7e-m+fp/hard\libc_nano.a(libc_a-memset.o)
                              C:/ST/STM32CubeIDE_1.13.0/STM32CubeIDE/plugins/com.st.stm32cube.ide.mcu.externaltools.gnu-tools-for-stm32.11.3.rel1.win32_1.1.0.202305231506/tools/bin/../lib/gcc/arm-none-eabi/11.3.1/../../../../arm-none-eabi/lib/thumb/v7e-m+fp/hard/crt0.o (memset)
C:/ST/STM32CubeIDE_1.13.0/STM32CubeIDE/plugins/com.st.stm32cube.ide.mcu.externaltools.gnu-tools-for-stm32.11.3.rel1.win32_1.1.0.202305231506/tools/bin/../lib/gcc/arm-none-eabi/11.3.1/../../../../arm-none-eabi/lib/thumb/v7e-m+fp/hard\libc_nano.a(libc_a-closer.o)
                              C:/ST/STM32CubeIDE_1.13.0/STM32CubeIDE/plugins/com.st.stm32cube.ide.mcu.externaltools.gnu-tools-for-stm32.11.3.rel1.win32_1.1.0.202305231506/tools/bin/../lib/gcc/arm-none-eabi/11.3.1/../../../../arm-none-eabi/lib/thumb/v7e-m+fp/hard\libc_nano.a(libc_a-stdio.o) (_close_r)
C:/ST/STM32CubeIDE_1.13.0/STM32CubeIDE/plugins/com.st.stm32cube.ide.mcu.externaltools.gnu-tools-for-stm32.11.3.rel1.win32_1.1.0.202305231506/tools/bin/../lib/gcc/arm-none-eabi/11.3.1/../../../../arm-none-eabi/lib/thumb/v7e-m+fp/hard\libc_nano.a(libc_a-reent.o)
                              C:/ST/STM32CubeIDE_1.13.0/STM32CubeIDE/plugins/com.st.stm32cube.ide.mcu.externaltools.gnu-tools-for-stm32.11.3.rel1.win32_1.1.0.202305231506/tools/bin/../lib/gcc/arm-none-eabi/11.3.1/../../../../arm-none-eabi/lib/thumb/v7e-m+fp/hard\libc_nano.a(libc_a-closer.o) (errno)
C:/ST/STM32CubeIDE_1.13.0/STM32CubeIDE/plugins/com.st.stm32cube.ide.mcu.externaltools.gnu-tools-for-stm32.11.3.rel1.win32_1.1.0.202305231506/tools/bin/../lib/gcc/arm-none-eabi/11.3.1/../../../../arm-none-eabi/lib/thumb/v7e-m+fp/hard\libc_nano.a(libc_a-impure.o)
                              C:/ST/STM32CubeIDE_1.13.0/STM32CubeIDE/plugins/com.st.stm32cube.ide.mcu.externaltools.gnu-tools-for-stm32.11.3.rel1.win32_1.1.0.202305231506/tools/bin/../lib/gcc/arm-none-eabi/11.3.1/../../../../arm-none-eabi/lib/thumb/v7e-m+fp/hard\libc_nano.a(libc_a-reent.o) (_impure_ptr)
C:/ST/STM32CubeIDE_1.13.0/STM32CubeIDE/plugins/com.st.stm32cube.ide.mcu.externaltools.gnu-tools-for-stm32.11.3.rel1.win32_1.1.0.202305231506/tools/bin/../lib/gcc/arm-none-eabi/11.3.1/../../../../arm-none-eabi/lib/thumb/v7e-m+fp/hard\libc_nano.a(libc_a-lseekr.o)
[...]
Memory Configuration

Name             Origin             Length             Attributes
RAM              0x0000000020000000 0x0000000000018000 xrw
FLASH            0x0000000008000000 0x0000000000060000 xr
*default*        0x0000000000000000 0xffffffffffffffff

Linker script and memory map

LOAD C:/ST/STM32CubeIDE_1.13.0/STM32CubeIDE/plugins/com.st.stm32cube.ide.mcu.externaltools.gnu-tools-for-stm32.11.3.rel1.win32_1.1.0.202305231506/tools/bin/../lib/gcc/arm-none-eabi/11.3.1/thumb/v7e-m+fp/hard/crti.o
LOAD C:/ST/STM32CubeIDE_1.13.0/STM32CubeIDE/plugins/com.st.stm32cube.ide.mcu.externaltools.gnu-tools-for-stm32.11.3.rel1.win32_1.1.0.202305231506/tools/bin/../lib/gcc/arm-none-eabi/11.3.1/thumb/v7e-m+fp/hard/crtbegin.o
LOAD C:/ST/STM32CubeIDE_1.13.0/STM32CubeIDE/plugins/com.st.stm32cube.ide.mcu.externaltools.gnu-tools-for-stm32.11.3.rel1.win32_1.1.0.202305231506/tools/bin/../lib/gcc/arm-none-eabi/11.3.1/../../../../arm-none-eabi/lib/thumb/v7e-m+fp/hard/crt0.o
LOAD ./Core/Src/ili9341_spi.o
LOAD ./Core/Src/main.o
LOAD ./Core/Src/stm32f4xx_hal_msp.o
LOAD ./Core/Src/stm32f4xx_it.o
LOAD ./Core/Src/syscalls.o
LOAD ./Core/Src/sysmem.o
LOAD ./Core/Src/system_stm32f4xx.o
LOAD ./Core/Startup/startup_stm32f401cdux.o
LOAD ./Drivers/STM32F4xx_HAL_Driver/Src/stm32f4xx_hal.o
LOAD ./Drivers/STM32F4xx_HAL_Driver/Src/stm32f4xx_hal_cortex.o
LOAD ./Drivers/STM32F4xx_HAL_Driver/Src/stm32f4xx_hal_dma.o
LOAD ./Drivers/STM32F4xx_HAL_Driver/Src/stm32f4xx_hal_dma_ex.o
LOAD ./Drivers/STM32F4xx_HAL_Driver/Src/stm32f4xx_hal_exti.o
LOAD ./Drivers/STM32F4xx_HAL_Driver/Src/stm32f4xx_hal_flash.o
LOAD ./Drivers/STM32F4xx_HAL_Driver/Src/stm32f4xx_hal_flash_ex.o
LOAD ./Drivers/STM32F4xx_HAL_Driver/Src/stm32f4xx_hal_flash_ramfunc.o
LOAD ./Drivers/STM32F4xx_HAL_Driver/Src/stm32f4xx_hal_gpio.o
LOAD ./Drivers/STM32F4xx_HAL_Driver/Src/stm32f4xx_hal_pwr.o
LOAD ./Drivers/STM32F4xx_HAL_Driver/Src/stm32f4xx_hal_pwr_ex.o
LOAD ./Drivers/STM32F4xx_HAL_Driver/Src/stm32f4xx_hal_rcc.o
LOAD ./Drivers/STM32F4xx_HAL_Driver/Src/stm32f4xx_hal_rcc_ex.o
LOAD ./Drivers/STM32F4xx_HAL_Driver/Src/stm32f4xx_hal_spi.o
START GROUP
LOAD C:/ST/STM32CubeIDE_1.13.0/STM32CubeIDE/plugins/com.st.stm32cube.ide.mcu.externaltools.gnu-tools-for-stm32.11.3.rel1.win32_1.1.0.202305231506/tools/bin/../lib/gcc/arm-none-eabi/11.3.1/../../../../arm-none-eabi/lib/thumb/v7e-m+fp/hard\libc_nano.a
LOAD C:/ST/STM32CubeIDE_1.13.0/STM32CubeIDE/plugins/com.st.stm32cube.ide.mcu.externaltools.gnu-tools-for-stm32.11.3.rel1.win32_1.1.0.202305231506/tools/bin/../lib/gcc/arm-none-eabi/11.3.1/../../../../arm-none-eabi/lib/thumb/v7e-m+fp/hard\libm.a
END GROUP
START GROUP
LOAD C:/ST/STM32CubeIDE_1.13.0/STM32CubeIDE/plugins/com.st.stm32cube.ide.mcu.externaltools.gnu-tools-for-stm32.11.3.rel1.win32_1.1.0.202305231506/tools/bin/../lib/gcc/arm-none-eabi/11.3.1/thumb/v7e-m+fp/hard\libgcc.a
LOAD C:/ST/STM32CubeIDE_1.13.0/STM32CubeIDE/plugins/com.st.stm32cube.ide.mcu.externaltools.gnu-tools-for-stm32.11.3.rel1.win32_1.1.0.202305231506/tools/bin/../lib/gcc/arm-none-eabi/11.3.1/../../../../arm-none-eabi/lib/thumb/v7e-m+fp/hard\libc_nano.a
END GROUP
START GROUP
LOAD C:/ST/STM32CubeIDE_1.13.0/STM32CubeIDE/plugins/com.st.stm32cube.ide.mcu.externaltools.gnu-tools-for-stm32.11.3.rel1.win32_1.1.0.202305231506/tools/bin/../lib/gcc/arm-none-eabi/11.3.1/thumb/v7e-m+fp/hard\libgcc.a
LOAD C:/ST/STM32CubeIDE_1.13.0/STM32CubeIDE/plugins/com.st.stm32cube.ide.mcu.externaltools.gnu-tools-for-stm32.11.3.rel1.win32_1.1.0.202305231506/tools/bin/../lib/gcc/arm-none-eabi/11.3.1/../../../../arm-none-eabi/lib/thumb/v7e-m+fp/hard\libc_nano.a
LOAD C:/ST/STM32CubeIDE_1.13.0/STM32CubeIDE/plugins/com.st.stm32cube.ide.mcu.externaltools.gnu-tools-for-stm32.11.3.rel1.win32_1.1.0.202305231506/tools/bin/../lib/gcc/arm-none-eabi/11.3.1/../../../../arm-none-eabi/lib/thumb/v7e-m+fp/hard\libnosys.a
END GROUP
START GROUP
LOAD C:/ST/STM32CubeIDE_1.13.0/STM32CubeIDE/plugins/com.st.stm32cube.ide.mcu.externaltools.gnu-tools-for-stm32.11.3.rel1.win32_1.1.0.202305231506/tools/bin/../lib/gcc/arm-none-eabi/11.3.1/thumb/v7e-m+fp/hard\libgcc.a
LOAD C:/ST/STM32CubeIDE_1.13.0/STM32CubeIDE/plugins/com.st.stm32cube.ide.mcu.externaltools.gnu-tools-for-stm32.11.3.rel1.win32_1.1.0.202305231506/tools/bin/../lib/gcc/arm-none-eabi/11.3.1/../../../../arm-none-eabi/lib/thumb/v7e-m+fp/hard\libc_nano.a
LOAD C:/ST/STM32CubeIDE_1.13.0/STM32CubeIDE/plugins/com.st.stm32cube.ide.mcu.externaltools.gnu-tools-for-stm32.11.3.rel1.win32_1.1.0.202305231506/tools/bin/../lib/gcc/arm-none-eabi/11.3.1/../../../../arm-none-eabi/lib/thumb/v7e-m+fp/hard\libnosys.a
END GROUP
LOAD C:/ST/STM32CubeIDE_1.13.0/STM32CubeIDE/plugins/com.st.stm32cube.ide.mcu.externaltools.gnu-tools-for-stm32.11.3.rel1.win32_1.1.0.202305231506/tools/bin/../lib/gcc/arm-none-eabi/11.3.1/thumb/v7e-m+fp/hard/crtend.o
LOAD C:/ST/STM32CubeIDE_1.13.0/STM32CubeIDE/plugins/com.st.stm32cube.ide.mcu.externaltools.gnu-tools-for-stm32.11.3.rel1.win32_1.1.0.202305231506/tools/bin/../lib/gcc/arm-none-eabi/11.3.1/thumb/v7e-m+fp/hard/crtn.o
                0x0000000020018000                _estack = (ORIGIN (RAM) + LENGTH (RAM))
                0x0000000000000200                _Min_Heap_Size = 0x200
                0x0000000000000400                _Min_Stack_Size = 0x400

.isr_vector     0x0000000008000000      0x194
                0x0000000008000000                . = ALIGN (0x4)
 *(.isr_vector)
 .isr_vector    0x0000000008000000      0x194 ./Core/Startup/startup_stm32f401cdux.o
                0x0000000008000000                g_pfnVectors
                0x0000000008000194                . = ALIGN (0x4)

.text           0x0000000008000194     0x64b0
                0x0000000008000194                . = ALIGN (0x4)
 *(.text)
 .text          0x0000000008000194       0x40 C:/ST/STM32CubeIDE_1.13.0/STM32CubeIDE/plugins/com.st.stm32cube.ide.mcu.externaltools.gnu-tools-for-stm32.11.3.rel1.win32_1.1.0.202305231506/tools/bin/../lib/gcc/arm-none-eabi/11.3.1/thumb/v7e-m+fp/hard/crtbegin.o
 .text          0x00000000080001d4       0x30 C:/ST/STM32CubeIDE_1.13.0/STM32CubeIDE/plugins/com.st.stm32cube.ide.mcu.externaltools.gnu-tools-for-stm32.11.3.rel1.win32_1.1.0.202305231506/tools/bin/../lib/gcc/arm-none-eabi/11.3.1/thumb/v7e-m+fp/hard\libgcc.a(_aeabi_uldivmod.o)
                0x00000000080001d4                __aeabi_uldivmod
 .text          0x0000000008000204      0x2c8 C:/ST/STM32CubeIDE_1.13.0/STM32CubeIDE/plugins/com.st.stm32cube.ide.mcu.externaltools.gnu-tools-for-stm32.11.3.rel1.win32_1.1.0.202305231506/tools/bin/../lib/gcc/arm-none-eabi/11.3.1/thumb/v7e-m+fp/hard\libgcc.a(_udivmoddi4.o)
                0x0000000008000204                __udivmoddi4
 .text          0x00000000080004cc        0x4 C:/ST/STM32CubeIDE_1.13.0/STM32CubeIDE/plugins/com.st.stm32cube.ide.mcu.externaltools.gnu-tools-for-stm32.11.3.rel1.win32_1.1.0.202305231506/tools/bin/../lib/gcc/arm-none-eabi/11.3.1/thumb/v7e-m+fp/hard\libgcc.a(_dvmd_tls.o)
                0x00000000080004cc                __aeabi_idiv0
                0x00000000080004cc                __aeabi_ldiv0
 *(.text*)
 .text.lcd_cs_lo
                0x00000000080004d0       0x18 ./Core/Src/ili9341_spi.o
 .text.lcd_cs_hi
                0x00000000080004e8       0x18 ./Core/Src/ili9341_spi.o
 .text.lcd_dc_lo
                0x0000000008000500       0x18 ./Core/Src/ili9341_spi.o
 .text.lcd_dc_hi
                0x0000000008000518       0x18 ./Core/Src/ili9341_spi.o
 .text.lcd_reset_lo
                0x0000000008000530       0x18 ./Core/Src/ili9341_spi.o
 .text.lcd_reset_hi
                0x0000000008000548       0x18 ./Core/Src/ili9341_spi.o
 .text.LCD_WriteComm
                0x0000000008000560       0x30 ./Core/Src/ili9341_spi.o
                0x0000000008000560                LCD_WriteComm
 .text.LCD_WriteData
                0x0000000008000590       0x30 ./Core/Src/ili9341_spi.o
                0x0000000008000590                LCD_WriteData
 .text.LCD_WriteData2
                0x00000000080005c0       0x48 ./Core/Src/ili9341_spi.o
                0x00000000080005c0                LCD_WriteData2
 .text.LCD_WriteDataN
                0x0000000008000608       0x30 ./Core/Src/ili9341_spi.o
                0x0000000008000608                LCD_WriteDataN
 .text.LCD_Init
                0x0000000008000638      0x22c ./Core/Src/ili9341_spi.o
                0x0000000008000638                LCD_Init
 .text.LCD_setAddrWindow
                0x0000000008000864       0x6c ./Core/Src/ili9341_spi.o
                0x0000000008000864                LCD_setAddrWindow
 .text.LCD_SetCursor
                0x00000000080008d0       0x2a ./Core/Src/ili9341_spi.o
                0x00000000080008d0                LCD_SetCursor
 *fill*         0x00000000080008fa        0x2 
 .text.LCD_continuous_output
                0x00000000080008fc       0x74 ./Core/Src/ili9341_spi.o
                0x00000000080008fc                LCD_continuous_output
 .text.LCD_Clear
                0x0000000008000970       0x68 ./Core/Src/ili9341_spi.o
                0x0000000008000970                LCD_Clear
 .text.set_palette
                0x00000000080009d8       0x5c ./Core/Src/ili9341_spi.o
                0x00000000080009d8                set_palette
 .text.putbmpmn
                0x0000000008000a34      0x118 ./Core/Src/ili9341_spi.o
                0x0000000008000a34                putbmpmn
 .text.clrbmpmn
                0x0000000008000b4c       0xb2 ./Core/Src/ili9341_spi.o
                0x0000000008000b4c                clrbmpmn
 *fill*         0x0000000008000bfe        0x2 
 .text.putfont  0x0000000008000c00      0x1d8 ./Core/Src/ili9341_spi.o
                0x0000000008000c00                putfont
 .text.init_graphic
                0x0000000008000dd8       0xc0 ./Core/Src/ili9341_spi.o
                0x0000000008000dd8                init_graphic
 .text.DelayUs  0x0000000008000e98       0x40 ./Core/Src/ili9341_spi.o
                0x0000000008000e98                DelayUs
 .text.sound_on
                0x0000000008000ed8       0x16 ./Core/Src/main.o
                0x0000000008000ed8                sound_on
 .text.sound_off
                0x0000000008000eee        0xe ./Core/Src/main.o
                0x0000000008000eee                sound_off
 .text.wait60thsec
                0x0000000008000efc       0x44 ./Core/Src/main.o
                0x0000000008000efc                wait60thsec
 .text.startkeycheck
                0x0000000008000f40       0x68 ./Core/Src/main.o
                0x0000000008000f40                startkeycheck
 .text.playmusic60thsec
                0x0000000008000fa8       0x90 ./Core/Src/main.o
                0x0000000008000fa8                playmusic60thsec
 .text.startmusic
                0x0000000008001038       0x2c ./Core/Src/main.o
                0x0000000008001038                startmusic
 .text.printchar
                0x0000000008001064       0x3a ./Core/Src/main.o
                0x0000000008001064                printchar
 .text.printstrc
                0x000000000800109e       0x3e ./Core/Src/main.o
                0x000000000800109e                printstrc
 .text.printscore
                0x00000000080010dc       0x64 ./Core/Src/main.o
                0x00000000080010dc                printscore
 .text.putbmpmn3
                0x0000000008001140      0x174 ./Core/Src/main.o
                0x0000000008001140                putbmpmn3
 .text.putpacman
                0x00000000080012b4       0xbc ./Core/Src/main.o
                0x00000000080012b4                putpacman
 .text.putmonster
                0x0000000008001370      0x120 ./Core/Src/main.o
                0x0000000008001370                putmonster
 .text.blinkpowercookie
                0x0000000008001490       0x34 ./Core/Src/main.o
                0x0000000008001490                blinkpowercookie
 .text.getfruitno
                0x00000000080014c4       0x30 ./Core/Src/main.o
                0x00000000080014c4                getfruitno
 .text.putfruit
                0x00000000080014f4       0x34 ./Core/Src/main.o
                0x00000000080014f4                putfruit
 .text.putmapchar
                0x0000000008001528       0xa4 ./Core/Src/main.o
                0x0000000008001528                putmapchar
 .text.setfruit
                0x00000000080015cc       0x78 ./Core/Src/main.o
                0x00000000080015cc                setfruit
 .text.getfruit
                0x0000000008001644       0x5c ./Core/Src/main.o
                0x0000000008001644                getfruit
 .text.displayscore
                0x00000000080016a0       0x40 ./Core/Src/main.o
                0x00000000080016a0                displayscore
 .text.displayplayers
                0x00000000080016e0       0x68 ./Core/Src/main.o
                0x00000000080016e0                displayplayers
 .text.displayfruits
                0x0000000008001748       0x90 ./Core/Src/main.o
                0x0000000008001748                displayfruits
 .text.putmap   0x00000000080017d8      0x144 ./Core/Src/main.o
                0x00000000080017d8                putmap
 .text.initcharacter
                0x000000000800191c       0x72 ./Core/Src/main.o
                0x000000000800191c                initcharacter
 *fill*         0x000000000800198e        0x2 
 .text.gameinit
                0x0000000008001990       0x84 ./Core/Src/main.o
                0x0000000008001990                gameinit
 .text.gameinit2
                0x0000000008001a14       0x40 ./Core/Src/main.o
                0x0000000008001a14                gameinit2
 .text.gameinit3
                0x0000000008001a54       0xf0 ./Core/Src/main.o
                0x0000000008001a54                gameinit3
 .text.gameinit4
                0x0000000008001b44      0x130 ./Core/Src/main.o
                0x0000000008001b44                gameinit4
 .text.keycheck
                0x0000000008001c74      0x1b8 ./Core/Src/main.o
                0x0000000008001c74                keycheck
 .text.movepacman
                0x0000000008001e2c      0x1b0 ./Core/Src/main.o
                0x0000000008001e2c                movepacman
 .text.movemonster
                0x0000000008001fdc      0x618 ./Core/Src/main.o
                0x0000000008001fdc                movemonster
 .text.moveakabei
                0x00000000080025f4      0x2fc ./Core/Src/main.o
                0x00000000080025f4                moveakabei
 .text.movepinky
                0x00000000080028f0      0x250 ./Core/Src/main.o
                0x00000000080028f0                movepinky
 .text.moveaosuke
                0x0000000008002b40      0x1e0 ./Core/Src/main.o
                0x0000000008002b40                moveaosuke
 .text.moveguzuta
                0x0000000008002d20      0x1d4 ./Core/Src/main.o
                0x0000000008002d20                moveguzuta
 .text.sound    0x0000000008002ef4      0x2c8 ./Core/Src/main.o
                0x0000000008002ef4                sound
 .text.erasechars2
                0x00000000080031bc      0x222 ./Core/Src/main.o
                0x00000000080031bc                erasechars2
 *fill*         0x00000000080033de        0x2 
 .text.erasechars
                0x00000000080033e0       0x3c ./Core/Src/main.o
                0x00000000080033e0                erasechars
 .text.putpowercookies
                0x000000000800341c       0x28 ./Core/Src/main.o
                0x000000000800341c                putpowercookies
 .text.displaychars
                0x0000000008003444      0x124 ./Core/Src/main.o
                0x0000000008003444                displaychars
 .text.fruitcheck
                0x0000000008003568       0xc4 ./Core/Src/main.o
                0x0000000008003568                fruitcheck
 .text.movechars
                0x000000000800362c       0x34 ./Core/Src/main.o
                0x000000000800362c                movechars
 .text.setmonsterijike
                0x0000000008003660       0x5c ./Core/Src/main.o
                0x0000000008003660                setmonsterijike
 .text.monsterhuntcheck
                0x00000000080036bc      0x114 ./Core/Src/main.o
                0x00000000080036bc                monsterhuntcheck
 .text.huntedcheck
                0x00000000080037d0      0x258 ./Core/Src/main.o
                0x00000000080037d0                huntedcheck
 .text.coffeebreak1
                0x0000000008003a28      0x284 ./Core/Src/main.o
                0x0000000008003a28                coffeebreak1
 .text.coffeebreak2
                0x0000000008003cac      0x2cc ./Core/Src/main.o
                0x0000000008003cac                coffeebreak2
 .text.coffeebreak3
                0x0000000008003f78      0x1f0 ./Core/Src/main.o
                0x0000000008003f78                coffeebreak3
 .text.gamestart
                0x0000000008004168       0x94 ./Core/Src/main.o
                0x0000000008004168                gamestart
 .text.deadanim
                0x00000000080041fc      0x1ac ./Core/Src/main.o
                0x00000000080041fc                deadanim
 .text.putwall  0x00000000080043a8       0x5c ./Core/Src/main.o
                0x00000000080043a8                putwall
 .text.stageclear
                0x0000000008004404      0x104 ./Core/Src/main.o
                0x0000000008004404                stageclear
 .text.gameover
                0x0000000008004508       0x20 ./Core/Src/main.o
                0x0000000008004508                gameover
 .text.title    0x0000000008004528      0x80c ./Core/Src/main.o
                0x0000000008004528                title
 .text.game     0x0000000008004d34       0xe0 ./Core/Src/main.o
                0x0000000008004d34                game
 .text.main     0x0000000008004e14       0x40 ./Core/Src/main.o
                0x0000000008004e14                main
 .text.SystemClock_Config
                0x0000000008004e54       0xd4 ./Core/Src/main.o
                0x0000000008004e54                SystemClock_Config
 .text.MX_SPI1_Init
                0x0000000008004f28       0x6c ./Core/Src/main.o
 .text.MX_GPIO_Init
                0x0000000008004f94       0xbc ./Core/Src/main.o
 .text.Error_Handler
                0x0000000008005050        0xa ./Core/Src/main.o
                0x0000000008005050                Error_Handler
 *fill*         0x000000000800505a        0x2 
 .text.HAL_MspInit
                0x000000000800505c       0x50 ./Core/Src/stm32f4xx_hal_msp.o
                0x000000000800505c                HAL_MspInit
 .text.HAL_SPI_MspInit
                0x00000000080050ac       0x90 ./Core/Src/stm32f4xx_hal_msp.o
                0x00000000080050ac                HAL_SPI_MspInit
 .text.NMI_Handler
                0x000000000800513c        0x6 ./Core/Src/stm32f4xx_it.o
                0x000000000800513c                NMI_Handler
 .text.HardFault_Handler
                0x0000000008005142        0x6 ./Core/Src/stm32f4xx_it.o
                0x0000000008005142                HardFault_Handler
 .text.MemManage_Handler
                0x0000000008005148        0x6 ./Core/Src/stm32f4xx_it.o
                0x0000000008005148                MemManage_Handler
 .text.BusFault_Handler
                0x000000000800514e        0x6 ./Core/Src/stm32f4xx_it.o
                0x000000000800514e                BusFault_Handler
 .text.UsageFault_Handler
                0x0000000008005154        0x6 ./Core/Src/stm32f4xx_it.o
                0x0000000008005154                UsageFault_Handler
 .text.SVC_Handler
                0x000000000800515a        0xe ./Core/Src/stm32f4xx_it.o
                0x000000000800515a                SVC_Handler
 .text.DebugMon_Handler
                0x0000000008005168        0xe ./Core/Src/stm32f4xx_it.o
                0x0000000008005168                DebugMon_Handler
 .text.PendSV_Handler
                0x0000000008005176        0xe ./Core/Src/stm32f4xx_it.o
                0x0000000008005176                PendSV_Handler
 .text.SysTick_Handler
                0x0000000008005184        0xc ./Core/Src/stm32f4xx_it.o
                0x0000000008005184                SysTick_Handler
 .text.SystemInit
                0x0000000008005190       0x24 ./Core/Src/system_stm32f4xx.o
                0x0000000008005190                SystemInit
 .text.Reset_Handler
                0x00000000080051b4       0x50 ./Core/Startup/startup_stm32f401cdux.o
                0x00000000080051b4                Reset_Handler
 .text.Default_Handler
                0x0000000008005204        0x2 ./Core/Startup/startup_stm32f401cdux.o
                0x0000000008005204                RTC_Alarm_IRQHandler
                0x0000000008005204                EXTI2_IRQHandler
                0x0000000008005204                SPI4_IRQHandler
                0x0000000008005204                TIM1_CC_IRQHandler
                0x0000000008005204                DMA2_Stream5_IRQHandler
                0x0000000008005204                DMA1_Stream5_IRQHandler
                0x0000000008005204                PVD_IRQHandler
                0x0000000008005204                SDIO_IRQHandler
                0x0000000008005204                TAMP_STAMP_IRQHandler
                0x0000000008005204                EXTI3_IRQHandler
                0x0000000008005204                TIM1_UP_TIM10_IRQHandler
                0x0000000008005204                I2C3_ER_IRQHandler
                0x0000000008005204                EXTI0_IRQHandler
                0x0000000008005204                I2C2_EV_IRQHandler
                0x0000000008005204                DMA1_Stream2_IRQHandler
                0x0000000008005204                FPU_IRQHandler
                0x0000000008005204                DMA2_Stream2_IRQHandler
                0x0000000008005204                SPI1_IRQHandler
                0x0000000008005204                TIM1_BRK_TIM9_IRQHandler
                0x0000000008005204                DMA2_Stream3_IRQHandler
                0x0000000008005204                USART6_IRQHandler
                0x0000000008005204                DMA2_Stream0_IRQHandler
                0x0000000008005204                TIM4_IRQHandler
                0x0000000008005204                I2C1_EV_IRQHandler
                0x0000000008005204                DMA1_Stream6_IRQHandler
                0x0000000008005204                DMA1_Stream1_IRQHandler
                0x0000000008005204                TIM3_IRQHandler
                0x0000000008005204                RCC_IRQHandler
                0x0000000008005204                Default_Handler
                0x0000000008005204                EXTI15_10_IRQHandler
                0x0000000008005204                ADC_IRQHandler
                0x0000000008005204                DMA1_Stream7_IRQHandler
                0x0000000008005204                TIM5_IRQHandler
                0x0000000008005204                DMA2_Stream7_IRQHandler
                0x0000000008005204                I2C3_EV_IRQHandler
                0x0000000008005204                EXTI9_5_IRQHandler
                0x0000000008005204                RTC_WKUP_IRQHandler
                0x0000000008005204                SPI2_IRQHandler
                0x0000000008005204                DMA1_Stream0_IRQHandler
                0x0000000008005204                EXTI4_IRQHandler
                0x0000000008005204                WWDG_IRQHandler
                0x0000000008005204                TIM2_IRQHandler
                0x0000000008005204                OTG_FS_WKUP_IRQHandler
                0x0000000008005204                TIM1_TRG_COM_TIM11_IRQHandler
                0x0000000008005204                EXTI1_IRQHandler
                0x0000000008005204                USART2_IRQHandler
                0x0000000008005204                I2C2_ER_IRQHandler
                0x0000000008005204                DMA2_Stream1_IRQHandler
                0x0000000008005204                FLASH_IRQHandler
                0x0000000008005204                DMA2_Stream4_IRQHandler
                0x0000000008005204                USART1_IRQHandler
                0x0000000008005204                OTG_FS_IRQHandler
                0x0000000008005204                SPI3_IRQHandler
                0x0000000008005204                DMA1_Stream4_IRQHandler
                0x0000000008005204                I2C1_ER_IRQHandler
                0x0000000008005204                DMA2_Stream6_IRQHandler
                0x0000000008005204                DMA1_Stream3_IRQHandler
 *fill*         0x0000000008005206        0x2 
 .text.HAL_Init
                0x0000000008005208       0x44 ./Drivers/STM32F4xx_HAL_Driver/Src/stm32f4xx_hal.o
                0x0000000008005208                HAL_Init
 .text.HAL_InitTick
                0x000000000800524c       0x60 ./Drivers/STM32F4xx_HAL_Driver/Src/stm32f4xx_hal.o
                0x000000000800524c                HAL_InitTick
 .text.HAL_IncTick
                0x00000000080052ac       0x28 ./Drivers/STM32F4xx_HAL_Driver/Src/stm32f4xx_hal.o
                0x00000000080052ac                HAL_IncTick
 .text.HAL_GetTick
                0x00000000080052d4       0x18 ./Drivers/STM32F4xx_HAL_Driver/Src/stm32f4xx_hal.o
                0x00000000080052d4                HAL_GetTick
 .text.HAL_Delay
                0x00000000080052ec       0x48 ./Drivers/STM32F4xx_HAL_Driver/Src/stm32f4xx_hal.o
                0x00000000080052ec                HAL_Delay
 .text.__NVIC_SetPriorityGrouping
                0x0000000008005334       0x48 ./Drivers/STM32F4xx_HAL_Driver/Src/stm32f4xx_hal_cortex.o
 .text.__NVIC_GetPriorityGrouping
                0x000000000800537c       0x1c ./Drivers/STM32F4xx_HAL_Driver/Src/stm32f4xx_hal_cortex.o
 .text.__NVIC_SetPriority
                0x0000000008005398       0x54 ./Drivers/STM32F4xx_HAL_Driver/Src/stm32f4xx_hal_cortex.o
 .text.NVIC_EncodePriority
                0x00000000080053ec       0x66 ./Drivers/STM32F4xx_HAL_Driver/Src/stm32f4xx_hal_cortex.o
 *fill*         0x0000000008005452        0x2 
 .text.SysTick_Config
                0x0000000008005454       0x44 ./Drivers/STM32F4xx_HAL_Driver/Src/stm32f4xx_hal_cortex.o
 .text.HAL_NVIC_SetPriorityGrouping
                0x0000000008005498       0x16 ./Drivers/STM32F4xx_HAL_Driver/Src/stm32f4xx_hal_cortex.o
                0x0000000008005498                HAL_NVIC_SetPriorityGrouping
 .text.HAL_NVIC_SetPriority
                0x00000000080054ae       0x38 ./Drivers/STM32F4xx_HAL_Driver/Src/stm32f4xx_hal_cortex.o
                0x00000000080054ae                HAL_NVIC_SetPriority
 .text.HAL_SYSTICK_Config
                0x00000000080054e6       0x18 ./Drivers/STM32F4xx_HAL_Driver/Src/stm32f4xx_hal_cortex.o
                0x00000000080054e6                HAL_SYSTICK_Config
 *fill*         0x00000000080054fe        0x2 
 .text.HAL_GPIO_Init
                0x0000000008005500      0x308 ./Drivers/STM32F4xx_HAL_Driver/Src/stm32f4xx_hal_gpio.o
                0x0000000008005500                HAL_GPIO_Init
 .text.HAL_GPIO_ReadPin
                0x0000000008005808       0x30 ./Drivers/STM32F4xx_HAL_Driver/Src/stm32f4xx_hal_gpio.o
                0x0000000008005808                HAL_GPIO_ReadPin
 .text.HAL_GPIO_WritePin
                0x0000000008005838       0x32 ./Drivers/STM32F4xx_HAL_Driver/Src/stm32f4xx_hal_gpio.o
                0x0000000008005838                HAL_GPIO_WritePin
 *fill*         0x000000000800586a        0x2 
 .text.HAL_RCC_OscConfig
                0x000000000800586c      0x4f0 ./Drivers/STM32F4xx_HAL_Driver/Src/stm32f4xx_hal_rcc.o
                0x000000000800586c                HAL_RCC_OscConfig
 .text.HAL_RCC_ClockConfig
                0x0000000008005d5c      0x1cc ./Drivers/STM32F4xx_HAL_Driver/Src/stm32f4xx_hal_rcc.o
                0x0000000008005d5c                HAL_RCC_ClockConfig
 .text.HAL_RCC_GetSysClockFreq
                0x0000000008005f28      0x18c ./Drivers/STM32F4xx_HAL_Driver/Src/stm32f4xx_hal_rcc.o
                0x0000000008005f28                HAL_RCC_GetSysClockFreq
 .text.HAL_SPI_Init
                0x00000000080060b4      0x112 ./Drivers/STM32F4xx_HAL_Driver/Src/stm32f4xx_hal_spi.o
                0x00000000080060b4                HAL_SPI_Init
 .text.HAL_SPI_Transmit
                0x00000000080061c6      0x278 ./Drivers/STM32F4xx_HAL_Driver/Src/stm32f4xx_hal_spi.o
                0x00000000080061c6                HAL_SPI_Transmit
 *fill*         0x000000000800643e        0x2 
 .text.SPI_WaitFlagStateUntilTimeout
                0x0000000008006440      0x110 ./Drivers/STM32F4xx_HAL_Driver/Src/stm32f4xx_hal_spi.o
 .text.SPI_EndRxTxTransaction
                0x0000000008006550       0x84 ./Drivers/STM32F4xx_HAL_Driver/Src/stm32f4xx_hal_spi.o
 .text.memset   0x00000000080065d4       0x10 C:/ST/STM32CubeIDE_1.13.0/STM32CubeIDE/plugins/com.st.stm32cube.ide.mcu.externaltools.gnu-tools-for-stm32.11.3.rel1.win32_1.1.0.202305231506/tools/bin/../lib/gcc/arm-none-eabi/11.3.1/../../../../arm-none-eabi/lib/thumb/v7e-m+fp/hard\libc_nano.a(libc_a-memset.o)
                0x00000000080065d4                memset
 .text.__libc_init_array
                0x00000000080065e4       0x48 C:/ST/STM32CubeIDE_1.13.0/STM32CubeIDE/plugins/com.st.stm32cube.ide.mcu.externaltools.gnu-tools-for-stm32.11.3.rel1.win32_1.1.0.202305231506/tools/bin/../lib/gcc/arm-none-eabi/11.3.1/../../../../arm-none-eabi/lib/thumb/v7e-m+fp/hard\libc_nano.a(libc_a-init.o)
                0x00000000080065e4                __libc_init_array
 *(.glue_7)
 .glue_7        0x000000000800662c        0x0 linker stubs
 *(.glue_7t)
 .glue_7t       0x000000000800662c        0x0 linker stubs
 *(.eh_frame)
 .eh_frame      0x000000000800662c        0x0 C:/ST/STM32CubeIDE_1.13.0/STM32CubeIDE/plugins/com.st.stm32cube.ide.mcu.externaltools.gnu-tools-for-stm32.11.3.rel1.win32_1.1.0.202305231506/tools/bin/../lib/gcc/arm-none-eabi/11.3.1/thumb/v7e-m+fp/hard/crtbegin.o
 *(.init)
 .init          0x000000000800662c        0x4 C:/ST/STM32CubeIDE_1.13.0/STM32CubeIDE/plugins/com.st.stm32cube.ide.mcu.externaltools.gnu-tools-for-stm32.11.3.rel1.win32_1.1.0.202305231506/tools/bin/../lib/gcc/arm-none-eabi/11.3.1/thumb/v7e-m+fp/hard/crti.o
                0x000000000800662c                _init
 .init          0x0000000008006630        0x8 C:/ST/STM32CubeIDE_1.13.0/STM32CubeIDE/plugins/com.st.stm32cube.ide.mcu.externaltools.gnu-tools-for-stm32.11.3.rel1.win32_1.1.0.202305231506/tools/bin/../lib/gcc/arm-none-eabi/11.3.1/thumb/v7e-m+fp/hard/crtn.o
 *(.fini)
 .fini          0x0000000008006638        0x4 C:/ST/STM32CubeIDE_1.13.0/STM32CubeIDE/plugins/com.st.stm32cube.ide.mcu.externaltools.gnu-tools-for-stm32.11.3.rel1.win32_1.1.0.202305231506/tools/bin/../lib/gcc/arm-none-eabi/11.3.1/thumb/v7e-m+fp/hard/crti.o
                0x0000000008006638                _fini
 .fini          0x000000000800663c        0x8 C:/ST/STM32CubeIDE_1.13.0/STM32CubeIDE/plugins/com.st.stm32cube.ide.mcu.externaltools.gnu-tools-for-stm32.11.3.rel1.win32_1.1.0.202305231506/tools/bin/../lib/gcc/arm-none-eabi/11.3.1/thumb/v7e-m+fp/hard/crtn.o
                0x0000000008006644                . = ALIGN (0x4)
                0x0000000008006644                _etext = .

.vfp11_veneer   0x0000000008006644        0x0
 .vfp11_veneer  0x0000000008006644        0x0 linker stubs

.v4_bx          0x0000000008006644        0x0
 .v4_bx         0x0000000008006644        0x0 linker stubs

.iplt           0x0000000008006644        0x0
 .iplt          0x0000000008006644        0x0 C:/ST/STM32CubeIDE_1.13.0/STM32CubeIDE/plugins/com.st.stm32cube.ide.mcu.externaltools.gnu-tools-for-stm32.11.3.rel1.win32_1.1.0.202305231506/tools/bin/../lib/gcc/arm-none-eabi/11.3.1/thumb/v7e-m+fp/hard/crtbegin.o

.rodata         0x0000000008006644     0x65c4
                0x0000000008006644                . = ALIGN (0x4)
 *(.rodata)
 .rodata        0x0000000008006644       0xf7 ./Core/Src/main.o
 *(.rodata*)
 *fill*         0x000000000800673b        0x1 
 .rodata.FontData
                0x000000000800673c      0x800 ./Core/Src/main.o
                0x000000000800673c                FontData
 .rodata.Pacmanbmp
                0x0000000008006f3c      0x9f4 ./Core/Src/main.o
                0x0000000008006f3c                Pacmanbmp
 .rodata.Pacmandeadbmp
                0x0000000008007930      0x6e4 ./Core/Src/main.o
                0x0000000008007930                Pacmandeadbmp
 .rodata.Monsterbmp
                0x0000000008008014     0x16c0 ./Core/Src/main.o
                0x0000000008008014                Monsterbmp
 .rodata.Ijikebmp
                0x00000000080096d4      0x2d8 ./Core/Src/main.o
                0x00000000080096d4                Ijikebmp
 .rodata.Medamabmp
                0x00000000080099ac      0x2d8 ./Core/Src/main.o
                0x00000000080099ac                Medamabmp
 .rodata.Fruitbmp
                0x0000000008009c84      0x540 ./Core/Src/main.o
                0x0000000008009c84                Fruitbmp
 .rodata.Scorebmp
                0x000000000800a1c4      0x540 ./Core/Src/main.o
                0x000000000800a1c4                Scorebmp
 .rodata.Bigpacbmp
                0x000000000800a704      0xf04 ./Core/Src/main.o
                0x000000000800a704                Bigpacbmp
 .rodata.Pinbmp
                0x000000000800b608        0x4 ./Core/Src/main.o
                0x000000000800b608                Pinbmp
 .rodata.Yabukebmp
                0x000000000800b60c      0x23c ./Core/Src/main.o
                0x000000000800b60c                Yabukebmp
 .rodata.Yabuke2bmp
                0x000000000800b848      0x16c ./Core/Src/main.o
                0x000000000800b848                Yabuke2bmp
 .rodata.Hadakabmp
                0x000000000800b9b4      0x23c ./Core/Src/main.o
                0x000000000800b9b4                Hadakabmp
 .rodata.Titlelogobmp
                0x000000000800bbf0     0x1008 ./Core/Src/main.o
                0x000000000800bbf0                Titlelogobmp
 .rodata.AHBPrescTable
                0x000000000800cbf8       0x10 ./Core/Src/system_stm32f4xx.o
                0x000000000800cbf8                AHBPrescTable
                0x000000000800cc08                . = ALIGN (0x4)

.ARM.extab      0x000000000800cc08        0x0
                0x000000000800cc08                . = ALIGN (0x4)
 *(.ARM.extab* .gnu.linkonce.armextab.*)
                0x000000000800cc08                . = ALIGN (0x4)

.ARM            0x000000000800cc08        0x8
                0x000000000800cc08                . = ALIGN (0x4)
                0x000000000800cc08                __exidx_start = .
 *(.ARM.exidx*)
 .ARM.exidx     0x000000000800cc08        0x8 C:/ST/STM32CubeIDE_1.13.0/STM32CubeIDE/plugins/com.st.stm32cube.ide.mcu.externaltools.gnu-tools-for-stm32.11.3.rel1.win32_1.1.0.202305231506/tools/bin/../lib/gcc/arm-none-eabi/11.3.1/thumb/v7e-m+fp/hard\libgcc.a(_udivmoddi4.o)
                0x000000000800cc10                __exidx_end = .
                0x000000000800cc10                . = ALIGN (0x4)

.rel.dyn        0x000000000800cc10        0x0
 .rel.iplt      0x000000000800cc10        0x0 C:/ST/STM32CubeIDE_1.13.0/STM32CubeIDE/plugins/com.st.stm32cube.ide.mcu.externaltools.gnu-tools-for-stm32.11.3.rel1.win32_1.1.0.202305231506/tools/bin/../lib/gcc/arm-none-eabi/11.3.1/thumb/v7e-m+fp/hard/crtbegin.o

.preinit_array  0x000000000800cc10        0x0
                0x000000000800cc10                . = ALIGN (0x4)
                0x000000000800cc10                PROVIDE (__preinit_array_start = .)
 *(.preinit_array*)
                0x000000000800cc10                PROVIDE (__preinit_array_end = .)
                0x000000000800cc10                . = ALIGN (0x4)

.init_array     0x000000000800cc10        0x4
                0x000000000800cc10                . = ALIGN (0x4)
                0x000000000800cc10                PROVIDE (__init_array_start = .)
 *(SORT_BY_NAME(.init_array.*))
 *(.init_array*)
 .init_array    0x000000000800cc10        0x4 C:/ST/STM32CubeIDE_1.13.0/STM32CubeIDE/plugins/com.st.stm32cube.ide.mcu.externaltools.gnu-tools-for-stm32.11.3.rel1.win32_1.1.0.202305231506/tools/bin/../lib/gcc/arm-none-eabi/11.3.1/thumb/v7e-m+fp/hard/crtbegin.o
                0x000000000800cc14                PROVIDE (__init_array_end = .)
                0x000000000800cc14                . = ALIGN (0x4)

.fini_array     0x000000000800cc14        0x4
                0x000000000800cc14                . = ALIGN (0x4)
                [!provide]                        PROVIDE (__fini_array_start = .)
 *(SORT_BY_NAME(.fini_array.*))
 *(.fini_array*)
 .fini_array    0x000000000800cc14        0x4 C:/ST/STM32CubeIDE_1.13.0/STM32CubeIDE/plugins/com.st.stm32cube.ide.mcu.externaltools.gnu-tools-for-stm32.11.3.rel1.win32_1.1.0.202305231506/tools/bin/../lib/gcc/arm-none-eabi/11.3.1/thumb/v7e-m+fp/hard/crtbegin.o
                [!provide]                        PROVIDE (__fini_array_end = .)
                0x000000000800cc18                . = ALIGN (0x4)
                0x000000000800cc18                _sidata = LOADADDR (.data)

.data           0x0000000020000000      0x474 load address 0x000000000800cc18
                0x0000000020000000                . = ALIGN (0x4)
                0x0000000020000000                _sdata = .
 *(.data)
 *(.data*)
 .data.fruit    0x0000000020000000        0xd ./Core/Src/main.o
                0x0000000020000000                fruit
 *fill*         0x000000002000000d        0x3 
 .data.fruitscore
                0x0000000020000010       0x10 ./Core/Src/main.o
                0x0000000020000010                fruitscore
 .data.pacmansp
                0x0000000020000020       0x2a ./Core/Src/main.o
                0x0000000020000020                pacmansp
 *fill*         0x000000002000004a        0x2 
 .data.monstersp
                0x000000002000004c       0x2a ./Core/Src/main.o
                0x000000002000004c                monstersp
 *fill*         0x0000000020000076        0x2 
 .data.ijikesp  0x0000000020000078       0x2a ./Core/Src/main.o
                0x0000000020000078                ijikesp
 *fill*         0x00000000200000a2        0x2 
 .data.ijike    0x00000000200000a4       0x2a ./Core/Src/main.o
                0x00000000200000a4                ijike
 *fill*         0x00000000200000ce        0x2 
 .data.medamasp
                0x00000000200000d0       0x2a ./Core/Src/main.o
                0x00000000200000d0                medamasp
 *fill*         0x00000000200000fa        0x2 
 .data.sounddata
                0x00000000200000fc       0x32 ./Core/Src/main.o
                0x00000000200000fc                sounddata
 *fill*         0x000000002000012e        0x2 
 .data.musicdata1
                0x0000000020000130       0x59 ./Core/Src/main.o
                0x0000000020000130                musicdata1
 *fill*         0x0000000020000189        0x3 
 .data.musicdata2
                0x000000002000018c       0xa3 ./Core/Src/main.o
                0x000000002000018c                musicdata2
 *fill*         0x000000002000022f        0x1 
 .data.scenedata
                0x0000000020000230      0x237 ./Core/Src/main.o
                0x0000000020000230                scenedata
 *fill*         0x0000000020000467        0x1 
 .data.SystemCoreClock
                0x0000000020000468        0x4 ./Core/Src/system_stm32f4xx.o
                0x0000000020000468                SystemCoreClock
 .data.uwTickPrio
                0x000000002000046c        0x4 ./Drivers/STM32F4xx_HAL_Driver/Src/stm32f4xx_hal.o
                0x000000002000046c                uwTickPrio
 .data.uwTickFreq
                0x0000000020000470        0x1 ./Drivers/STM32F4xx_HAL_Driver/Src/stm32f4xx_hal.o
                0x0000000020000470                uwTickFreq
 *(.RamFunc)
 *(.RamFunc*)
                0x0000000020000474                . = ALIGN (0x4)
 *fill*         0x0000000020000471        0x3 
                0x0000000020000474                _edata = .

.igot.plt       0x0000000020000474        0x0 load address 0x000000000800d08c
 .igot.plt      0x0000000020000474        0x0 C:/ST/STM32CubeIDE_1.13.0/STM32CubeIDE/plugins/com.st.stm32cube.ide.mcu.externaltools.gnu-tools-for-stm32.11.3.rel1.win32_1.1.0.202305231506/tools/bin/../lib/gcc/arm-none-eabi/11.3.1/thumb/v7e-m+fp/hard/crtbegin.o
                0x0000000020000474                . = ALIGN (0x4)

.bss            0x0000000020000474      0x59c load address 0x000000000800d08c
                0x0000000020000474                _sbss = .
                0x0000000020000474                __bss_start__ = _sbss
 *(.bss)
 .bss           0x0000000020000474       0x1c C:/ST/STM32CubeIDE_1.13.0/STM32CubeIDE/plugins/com.st.stm32cube.ide.mcu.externaltools.gnu-tools-for-stm32.11.3.rel1.win32_1.1.0.202305231506/tools/bin/../lib/gcc/arm-none-eabi/11.3.1/thumb/v7e-m+fp/hard/crtbegin.o
 *(.bss*)
 .bss.palette   0x0000000020000490      0x200 ./Core/Src/ili9341_spi.o
                0x0000000020000490                palette
 .bss.lcddatabuf.0
                0x0000000020000690       0x10 ./Core/Src/ili9341_spi.o
 .bss.pacman    0x00000000200006a0       0x14 ./Core/Src/main.o
                0x00000000200006a0                pacman
 .bss.akabei    0x00000000200006b4       0x14 ./Core/Src/main.o
                0x00000000200006b4                akabei
 .bss.pinky     0x00000000200006c8       0x14 ./Core/Src/main.o
                0x00000000200006c8                pinky
 .bss.aosuke    0x00000000200006dc       0x14 ./Core/Src/main.o
                0x00000000200006dc                aosuke
 .bss.guzuta    0x00000000200006f0       0x14 ./Core/Src/main.o
                0x00000000200006f0                guzuta
 .bss.music     0x0000000020000704        0x8 ./Core/Src/main.o
                0x0000000020000704                music
 .bss.score     0x000000002000070c        0x4 ./Core/Src/main.o
                0x000000002000070c                score
 .bss.highscore
                0x0000000020000710        0x4 ./Core/Src/main.o
                0x0000000020000710                highscore
 .bss.player    0x0000000020000714        0x1 ./Core/Src/main.o
                0x0000000020000714                player
 .bss.stage     0x0000000020000715        0x1 ./Core/Src/main.o
                0x0000000020000715                stage
 .bss.gamecount
                0x0000000020000716        0x1 ./Core/Src/main.o
                0x0000000020000716                gamecount
 .bss.gamestatus
                0x0000000020000717        0x1 ./Core/Src/main.o
                0x0000000020000717                gamestatus
 .bss.pacmanspeed
                0x0000000020000718        0x2 ./Core/Src/main.o
                0x0000000020000718                pacmanspeed
 .bss.monsterspeed
                0x000000002000071a        0x2 ./Core/Src/main.o
                0x000000002000071a                monsterspeed
 .bss.ijikespeed
                0x000000002000071c        0x2 ./Core/Src/main.o
                0x000000002000071c                ijikespeed
 .bss.medamaspeed
                0x000000002000071e        0x2 ./Core/Src/main.o
                0x000000002000071e                medamaspeed
 .bss.ijiketime
                0x0000000020000720        0x2 ./Core/Src/main.o
                0x0000000020000720                ijiketime
 .bss.fruitno   0x0000000020000722        0x1 ./Core/Src/main.o
                0x0000000020000722                fruitno
 .bss.upflag    0x0000000020000723        0x1 ./Core/Src/main.o
                0x0000000020000723                upflag
 .bss.fruitflag1
                0x0000000020000724        0x1 ./Core/Src/main.o
                0x0000000020000724                fruitflag1
 .bss.fruitflag2
                0x0000000020000725        0x1 ./Core/Src/main.o
                0x0000000020000725                fruitflag2
 .bss.fruitcount
                0x0000000020000726        0x2 ./Core/Src/main.o
                0x0000000020000726                fruitcount
 .bss.cookie    0x0000000020000728        0x1 ./Core/Src/main.o
                0x0000000020000728                cookie
 .bss.huntedmonster
                0x0000000020000729        0x1 ./Core/Src/main.o
                0x0000000020000729                huntedmonster
 .bss.monsterhuntedtimer
                0x000000002000072a        0x2 ./Core/Src/main.o
                0x000000002000072a                monsterhuntedtimer
 .bss.fruitscoretimer
                0x000000002000072c        0x2 ./Core/Src/main.o
                0x000000002000072c                fruitscoretimer
 .bss.monstersoundcount
                0x000000002000072e        0x1 ./Core/Src/main.o
                0x000000002000072e                monstersoundcount
 .bss.cookiesoundcount
                0x000000002000072f        0x1 ./Core/Src/main.o
                0x000000002000072f                cookiesoundcount
 .bss.fruitsoundcount
                0x0000000020000730        0x1 ./Core/Src/main.o
                0x0000000020000730                fruitsoundcount
 .bss.over10000soundcount
                0x0000000020000731        0x1 ./Core/Src/main.o
                0x0000000020000731                over10000soundcount
 .bss.monstersound
                0x0000000020000732        0x2 ./Core/Src/main.o
                0x0000000020000732                monstersound
 .bss.monstersounddif
                0x0000000020000734        0x2 ./Core/Src/main.o
                0x0000000020000734                monstersounddif
 .bss.monsterhuntedsound
                0x0000000020000736        0x2 ./Core/Src/main.o
                0x0000000020000736                monsterhuntedsound
 .bss.fruitsound
                0x0000000020000738        0x2 ./Core/Src/main.o
                0x0000000020000738                fruitsound
 .bss.firekeyold
                0x000000002000073a        0x2 ./Core/Src/main.o
                0x000000002000073a                firekeyold
 .bss.map       0x000000002000073c      0x237 ./Core/Src/main.o
                0x000000002000073c                map
 *fill*         0x0000000020000973        0x1 
 .bss.hspi1     0x0000000020000974       0x58 ./Core/Src/main.o
                0x0000000020000974                hspi1
 .bss.lcddatabuf.0
                0x00000000200009cc       0x40 ./Core/Src/main.o
 .bss.uwTick    0x0000000020000a0c        0x4 ./Drivers/STM32F4xx_HAL_Driver/Src/stm32f4xx_hal.o
                0x0000000020000a0c                uwTick
 *(COMMON)
                0x0000000020000a10                . = ALIGN (0x4)
                0x0000000020000a10                _ebss = .
                0x0000000020000a10                __bss_end__ = _ebss

._user_heap_stack
                0x0000000020000a10      0x600 load address 0x000000000800d08c
                0x0000000020000a10                . = ALIGN (0x8)
                [!provide]                        PROVIDE (end = .)
                0x0000000020000a10                PROVIDE (_end = .)
                0x0000000020000c10                . = (. + _Min_Heap_Size)
 *fill*         0x0000000020000a10      0x200 
                0x0000000020001010                . = (. + _Min_Stack_Size)
 *fill*         0x0000000020000c10      0x400 
                0x0000000020001010                . = ALIGN (0x8)

/DISCARD/
 libc.a(*)
 libm.a(*)
 libgcc.a(*)

.ARM.attributes
                0x0000000000000000       0x30
 *(.ARM.attributes)
 .ARM.attributes
                0x0000000000000000       0x1e C:/ST/STM32CubeIDE_1.13.0/STM32CubeIDE/plugins/com.st.stm32cube.ide.mcu.externaltools.gnu-tools-for-stm32.11.3.rel1.win32_1.1.0.202305231506/tools/bin/../lib/gcc/arm-none-eabi/11.3.1/thumb/v7e-m+fp/hard/crti.o
 .ARM.attributes
                0x000000000000001e       0x34 C:/ST/STM32CubeIDE_1.13.0/STM32CubeIDE/plugins/com.st.stm32cube.ide.mcu.externaltools.gnu-tools-for-stm32.11.3.rel1.win32_1.1.0.202305231506/tools/bin/../lib/gcc/arm-none-eabi/11.3.1/thumb/v7e-m+fp/hard/crtbegin.o
 .ARM.attributes
                0x0000000000000052       0x34 ./Core/Src/ili9341_spi.o
 .ARM.attributes
                0x0000000000000086       0x34 ./Core/Src/main.o
 .ARM.attributes
                0x00000000000000ba       0x34 ./Core/Src/stm32f4xx_hal_msp.o
 .ARM.attributes
                0x00000000000000ee       0x34 ./Core/Src/stm32f4xx_it.o
 .ARM.attributes
                0x0000000000000122       0x34 ./Core/Src/system_stm32f4xx.o
 .ARM.attributes
                0x0000000000000156       0x21 ./Core/Startup/startup_stm32f401cdux.o
 .ARM.attributes
                0x0000000000000177       0x34 ./Drivers/STM32F4xx_HAL_Driver/Src/stm32f4xx_hal.o
 .ARM.attributes
                0x00000000000001ab       0x34 ./Drivers/STM32F4xx_HAL_Driver/Src/stm32f4xx_hal_cortex.o
 .ARM.attributes
                0x00000000000001df       0x34 ./Drivers/STM32F4xx_HAL_Driver/Src/stm32f4xx_hal_gpio.o
 .ARM.attributes
                0x0000000000000213       0x34 ./Drivers/STM32F4xx_HAL_Driver/Src/stm32f4xx_hal_rcc.o
 .ARM.attributes
                0x0000000000000247       0x34 ./Drivers/STM32F4xx_HAL_Driver/Src/stm32f4xx_hal_spi.o
 .ARM.attributes
                0x000000000000027b       0x34 C:/ST/STM32CubeIDE_1.13.0/STM32CubeIDE/plugins/com.st.stm32cube.ide.mcu.externaltools.gnu-tools-for-stm32.11.3.rel1.win32_1.1.0.202305231506/tools/bin/../lib/gcc/arm-none-eabi/11.3.1/../../../../arm-none-eabi/lib/thumb/v7e-m+fp/hard\libc_nano.a(libc_a-memset.o)
 .ARM.attributes
                0x00000000000002af       0x34 C:/ST/STM32CubeIDE_1.13.0/STM32CubeIDE/plugins/com.st.stm32cube.ide.mcu.externaltools.gnu-tools-for-stm32.11.3.rel1.win32_1.1.0.202305231506/tools/bin/../lib/gcc/arm-none-eabi/11.3.1/../../../../arm-none-eabi/lib/thumb/v7e-m+fp/hard\libc_nano.a(libc_a-init.o)
 .ARM.attributes
                0x00000000000002e3       0x1e C:/ST/STM32CubeIDE_1.13.0/STM32CubeIDE/plugins/com.st.stm32cube.ide.mcu.externaltools.gnu-tools-for-stm32.11.3.rel1.win32_1.1.0.202305231506/tools/bin/../lib/gcc/arm-none-eabi/11.3.1/thumb/v7e-m+fp/hard\libgcc.a(_aeabi_uldivmod.o)
 .ARM.attributes
                0x0000000000000301       0x34 C:/ST/STM32CubeIDE_1.13.0/STM32CubeIDE/plugins/com.st.stm32cube.ide.mcu.externaltools.gnu-tools-for-stm32.11.3.rel1.win32_1.1.0.202305231506/tools/bin/../lib/gcc/arm-none-eabi/11.3.1/thumb/v7e-m+fp/hard\libgcc.a(_udivmoddi4.o)
 .ARM.attributes
                0x0000000000000335       0x1e C:/ST/STM32CubeIDE_1.13.0/STM32CubeIDE/plugins/com.st.stm32cube.ide.mcu.externaltools.gnu-tools-for-stm32.11.3.rel1.win32_1.1.0.202305231506/tools/bin/../lib/gcc/arm-none-eabi/11.3.1/thumb/v7e-m+fp/hard\libgcc.a(_dvmd_tls.o)
 .ARM.attributes
                0x0000000000000353       0x1e C:/ST/STM32CubeIDE_1.13.0/STM32CubeIDE/plugins/com.st.stm32cube.ide.mcu.externaltools.gnu-tools-for-stm32.11.3.rel1.win32_1.1.0.202305231506/tools/bin/../lib/gcc/arm-none-eabi/11.3.1/thumb/v7e-m+fp/hard/crtn.o
OUTPUT(SPACE INVADERS.elf elf32-littlearm)
LOAD linker stubs
LOAD C:/ST/STM32CubeIDE_1.13.0/STM32CubeIDE/plugins/com.st.stm32cube.ide.mcu.externaltools.gnu-tools-for-stm32.11.3.rel1.win32_1.1.0.202305231506/tools/bin/../lib/gcc/arm-none-eabi/11.3.1/../../../../arm-none-eabi/lib/thumb/v7e-m+fp/hard\libc.a
LOAD C:/ST/STM32CubeIDE_1.13.0/STM32CubeIDE/plugins/com.st.stm32cube.ide.mcu.externaltools.gnu-tools-for-stm32.11.3.rel1.win32_1.1.0.202305231506/tools/bin/../lib/gcc/arm-none-eabi/11.3.1/../../../../arm-none-eabi/lib/thumb/v7e-m+fp/hard\libm.a
LOAD C:/ST/STM32CubeIDE_1.13.0/STM32CubeIDE/plugins/com.st.stm32cube.ide.mcu.externaltools.gnu-tools-for-stm32.11.3.rel1.win32_1.1.0.202305231506/tools/bin/../lib/gcc/arm-none-eabi/11.3.1/thumb/v7e-m+fp/hard\libgcc.a

.comment        0x0000000000000000       0x43
 .comment       0x0000000000000000       0x43 C:/ST/STM32CubeIDE_1.13.0/STM32CubeIDE/plugins/com.st.stm32cube.ide.mcu.externaltools.gnu-tools-for-stm32.11.3.rel1.win32_1.1.0.202305231506/tools/bin/../lib/gcc/arm-none-eabi/11.3.1/thumb/v7e-m+fp/hard/crtbegin.o
                                         0x44 (size before relaxing)
 .comment       0x0000000000000043       0x44 ./Core/Src/ili9341_spi.o
 .comment       0x0000000000000043       0x44 ./Core/Src/main.o
 .comment       0x0000000000000043       0x44 ./Core/Src/stm32f4xx_hal_msp.o
 .comment       0x0000000000000043       0x44 ./Core/Src/stm32f4xx_it.o
 .comment       0x0000000000000043       0x44 ./Core/Src/system_stm32f4xx.o
 .comment       0x0000000000000043       0x44 ./Drivers/STM32F4xx_HAL_Driver/Src/stm32f4xx_hal.o
 .comment       0x0000000000000043       0x44 ./Drivers/STM32F4xx_HAL_Driver/Src/stm32f4xx_hal_cortex.o
 .comment       0x0000000000000043       0x44 ./Drivers/STM32F4xx_HAL_Driver/Src/stm32f4xx_hal_gpio.o
 .comment       0x0000000000000043       0x44 ./Drivers/STM32F4xx_HAL_Driver/Src/stm32f4xx_hal_rcc.o
 .comment       0x0000000000000043       0x44 ./Drivers/STM32F4xx_HAL_Driver/Src/stm32f4xx_hal_spi.o

.debug_info     0x0000000000000000     0x7d79
 .debug_info    0x0000000000000000     0x10db ./Core/Src/ili9341_spi.o
 .debug_info    0x00000000000010db     0x218c ./Core/Src/main.o
 .debug_info    0x0000000000003267      0x942 ./Core/Src/stm32f4xx_hal_msp.o
 .debug_info    0x0000000000003ba9      0x112 ./Core/Src/stm32f4xx_it.o
 .debug_info    0x0000000000003cbb      0x53e ./Core/Src/system_stm32f4xx.o
 .debug_info    0x00000000000041f9       0x23 ./Core/Startup/startup_stm32f401cdux.o
 .debug_info    0x000000000000421c      0x8bb ./Drivers/STM32F4xx_HAL_Driver/Src/stm32f4xx_hal.o
 .debug_info    0x0000000000004ad7      0xcb0 ./Drivers/STM32F4xx_HAL_Driver/Src/stm32f4xx_hal_cortex.o
 .debug_info    0x0000000000005787      0x6f9 ./Drivers/STM32F4xx_HAL_Driver/Src/stm32f4xx_hal_gpio.o
 .debug_info    0x0000000000005e80      0x8f3 ./Drivers/STM32F4xx_HAL_Driver/Src/stm32f4xx_hal_rcc.o
 .debug_info    0x0000000000006773     0x1606 ./Drivers/STM32F4xx_HAL_Driver/Src/stm32f4xx_hal_spi.o

.debug_abbrev   0x0000000000000000     0x1727
 .debug_abbrev  0x0000000000000000      0x2cf ./Core/Src/ili9341_spi.o
 .debug_abbrev  0x00000000000002cf      0x49a ./Core/Src/main.o
 .debug_abbrev  0x0000000000000769      0x1a5 ./Core/Src/stm32f4xx_hal_msp.o
 .debug_abbrev  0x000000000000090e       0x73 ./Core/Src/stm32f4xx_it.o
 .debug_abbrev  0x0000000000000981      0x11a ./Core/Src/system_stm32f4xx.o
 .debug_abbrev  0x0000000000000a9b       0x12 ./Core/Startup/startup_stm32f401cdux.o
 .debug_abbrev  0x0000000000000aad      0x24b ./Drivers/STM32F4xx_HAL_Driver/Src/stm32f4xx_hal.o
 .debug_abbrev  0x0000000000000cf8      0x327 ./Drivers/STM32F4xx_HAL_Driver/Src/stm32f4xx_hal_cortex.o
 .debug_abbrev  0x000000000000101f      0x1d3 ./Drivers/STM32F4xx_HAL_Driver/Src/stm32f4xx_hal_gpio.o
 .debug_abbrev  0x00000000000011f2      0x2b5 ./Drivers/STM32F4xx_HAL_Driver/Src/stm32f4xx_hal_rcc.o
 .debug_abbrev  0x00000000000014a7      0x280 ./Drivers/STM32F4xx_HAL_Driver/Src/stm32f4xx_hal_spi.o

.debug_aranges  0x0000000000000000      0x8a8
 .debug_aranges
                0x0000000000000000      0x120 ./Core/Src/ili9341_spi.o
 .debug_aranges
                0x0000000000000120      0x1f0 ./Core/Src/main.o
 .debug_aranges
                0x0000000000000310       0x30 ./Core/Src/stm32f4xx_hal_msp.o
 .debug_aranges
                0x0000000000000340       0x60 ./Core/Src/stm32f4xx_it.o
 .debug_aranges
                0x00000000000003a0       0x28 ./Core/Src/system_stm32f4xx.o
 .debug_aranges
                0x00000000000003c8       0x28 ./Core/Startup/startup_stm32f401cdux.o
 .debug_aranges
                0x00000000000003f0       0xf0 ./Drivers/STM32F4xx_HAL_Driver/Src/stm32f4xx_hal.o
 .debug_aranges
                0x00000000000004e0      0x118 ./Drivers/STM32F4xx_HAL_Driver/Src/stm32f4xx_hal_cortex.o
 .debug_aranges
                0x00000000000005f8       0x58 ./Drivers/STM32F4xx_HAL_Driver/Src/stm32f4xx_hal_gpio.o
 .debug_aranges
                0x0000000000000650       0x88 ./Drivers/STM32F4xx_HAL_Driver/Src/stm32f4xx_hal_rcc.o
 .debug_aranges
                0x00000000000006d8      0x1d0 ./Drivers/STM32F4xx_HAL_Driver/Src/stm32f4xx_hal_spi.o

.debug_rnglists
                0x0000000000000000      0x696
 .debug_rnglists
                0x0000000000000000       0xdf ./Core/Src/ili9341_spi.o
 .debug_rnglists
                0x00000000000000df      0x190 ./Core/Src/main.o
 .debug_rnglists
                0x000000000000026f       0x20 ./Core/Src/stm32f4xx_hal_msp.o
 .debug_rnglists
                0x000000000000028f       0x43 ./Core/Src/stm32f4xx_it.o
 .debug_rnglists
                0x00000000000002d2       0x1a ./Core/Src/system_stm32f4xx.o
 .debug_rnglists
                0x00000000000002ec       0x19 ./Core/Startup/startup_stm32f401cdux.o
 .debug_rnglists
                0x0000000000000305       0xaf ./Drivers/STM32F4xx_HAL_Driver/Src/stm32f4xx_hal.o
 .debug_rnglists
                0x00000000000003b4       0xce ./Drivers/STM32F4xx_HAL_Driver/Src/stm32f4xx_hal_cortex.o
 .debug_rnglists
                0x0000000000000482       0x3f ./Drivers/STM32F4xx_HAL_Driver/Src/stm32f4xx_hal_gpio.o
 .debug_rnglists
                0x00000000000004c1       0x66 ./Drivers/STM32F4xx_HAL_Driver/Src/stm32f4xx_hal_rcc.o
 .debug_rnglists
                0x0000000000000527      0x16f ./Drivers/STM32F4xx_HAL_Driver/Src/stm32f4xx_hal_spi.o

.debug_macro    0x0000000000000000    0x15531
 .debug_macro   0x0000000000000000      0x2aa ./Core/Src/ili9341_spi.o
 .debug_macro   0x00000000000002aa      0xaa8 ./Core/Src/ili9341_spi.o
 .debug_macro   0x0000000000000d52      0x295 ./Core/Src/ili9341_spi.o
 .debug_macro   0x0000000000000fe7       0x2e ./Core/Src/ili9341_spi.o
 .debug_macro   0x0000000000001015       0x28 ./Core/Src/ili9341_spi.o
 .debug_macro   0x000000000000103d       0x22 ./Core/Src/ili9341_spi.o
 .debug_macro   0x000000000000105f       0x8e ./Core/Src/ili9341_spi.o
 .debug_macro   0x00000000000010ed       0x51 ./Core/Src/ili9341_spi.o
 .debug_macro   0x000000000000113e      0x103 ./Core/Src/ili9341_spi.o
 .debug_macro   0x0000000000001241       0x6a ./Core/Src/ili9341_spi.o
 .debug_macro   0x00000000000012ab      0x1df ./Core/Src/ili9341_spi.o
 .debug_macro   0x000000000000148a       0x1c ./Core/Src/ili9341_spi.o
 .debug_macro   0x00000000000014a6       0x22 ./Core/Src/ili9341_spi.o
 .debug_macro   0x00000000000014c8       0xd9 ./Core/Src/ili9341_spi.o
 .debug_macro   0x00000000000015a1     0x102d ./Core/Src/ili9341_spi.o
 .debug_macro   0x00000000000025ce      0x11f ./Core/Src/ili9341_spi.o
 .debug_macro   0x00000000000026ed     0xb86c ./Core/Src/ili9341_spi.o
 .debug_macro   0x000000000000df59       0x6d ./Core/Src/ili9341_spi.o
 .debug_macro   0x000000000000dfc6     0x367e ./Core/Src/ili9341_spi.o
 .debug_macro   0x0000000000011644      0x174 ./Core/Src/ili9341_spi.o
 .debug_macro   0x00000000000117b8       0x5c ./Core/Src/ili9341_spi.o
 .debug_macro   0x0000000000011814      0x416 ./Core/Src/ili9341_spi.o
 .debug_macro   0x0000000000011c2a      0x9fe ./Core/Src/ili9341_spi.o
 .debug_macro   0x0000000000012628      0x115 ./Core/Src/ili9341_spi.o
 .debug_macro   0x000000000001273d       0xf8 ./Core/Src/ili9341_spi.o
 .debug_macro   0x0000000000012835       0xa5 ./Core/Src/ili9341_spi.o
 .debug_macro   0x00000000000128da      0x15f ./Core/Src/ili9341_spi.o
 .debug_macro   0x0000000000012a39      0x287 ./Core/Src/ili9341_spi.o
 .debug_macro   0x0000000000012cc0       0x5f ./Core/Src/ili9341_spi.o
 .debug_macro   0x0000000000012d1f      0x236 ./Core/Src/ili9341_spi.o
 .debug_macro   0x0000000000012f55      0x132 ./Core/Src/ili9341_spi.o
 .debug_macro   0x0000000000013087      0x264 ./Core/Src/ili9341_spi.o
 .debug_macro   0x00000000000132eb       0x2e ./Core/Src/ili9341_spi.o
 .debug_macro   0x0000000000013319      0x11a ./Core/Src/ili9341_spi.o
 .debug_macro   0x0000000000013433       0x85 ./Core/Src/ili9341_spi.o
 .debug_macro   0x00000000000134b8       0x89 ./Core/Src/ili9341_spi.o
 .debug_macro   0x0000000000013541      0x225 ./Core/Src/ili9341_spi.o
 .debug_macro   0x0000000000013766      0x126 ./Core/Src/ili9341_spi.o
 .debug_macro   0x000000000001388c       0x70 ./Core/Src/ili9341_spi.o
 .debug_macro   0x00000000000138fc       0x34 ./Core/Src/ili9341_spi.o
 .debug_macro   0x0000000000013930       0x61 ./Core/Src/ili9341_spi.o
 .debug_macro   0x0000000000013991       0x2a ./Core/Src/ili9341_spi.o
 .debug_macro   0x00000000000139bb       0x43 ./Core/Src/ili9341_spi.o
 .debug_macro   0x00000000000139fe       0x34 ./Core/Src/ili9341_spi.o
 .debug_macro   0x0000000000013a32       0x16 ./Core/Src/ili9341_spi.o
 .debug_macro   0x0000000000013a48       0x35 ./Core/Src/ili9341_spi.o
 .debug_macro   0x0000000000013a7d      0x369 ./Core/Src/ili9341_spi.o
 .debug_macro   0x0000000000013de6       0x10 ./Core/Src/ili9341_spi.o
 .debug_macro   0x0000000000013df6       0x16 ./Core/Src/ili9341_spi.o
 .debug_macro   0x0000000000013e0c       0x43 ./Core/Src/ili9341_spi.o
 .debug_macro   0x0000000000013e4f       0x34 ./Core/Src/ili9341_spi.o
 .debug_macro   0x0000000000013e83       0x10 ./Core/Src/ili9341_spi.o
 .debug_macro   0x0000000000013e93       0x58 ./Core/Src/ili9341_spi.o
 .debug_macro   0x0000000000013eeb       0x8e ./Core/Src/ili9341_spi.o
 .debug_macro   0x0000000000013f79       0x1c ./Core/Src/ili9341_spi.o
 .debug_macro   0x0000000000013f95      0x177 ./Core/Src/ili9341_spi.o
 .debug_macro   0x000000000001410c       0x16 ./Core/Src/ili9341_spi.o
 .debug_macro   0x0000000000014122       0x16 ./Core/Src/ili9341_spi.o
 .debug_macro   0x0000000000014138      0x147 ./Core/Src/ili9341_spi.o
 .debug_macro   0x000000000001427f      0x22b ./Core/Src/main.o
 .debug_macro   0x00000000000144aa      0x1f6 ./Core/Src/main.o
 .debug_macro   0x00000000000146a0      0x1c9 ./Core/Src/stm32f4xx_hal_msp.o
 .debug_macro   0x0000000000014869      0x1d3 ./Core/Src/stm32f4xx_it.o
 .debug_macro   0x0000000000014a3c      0x1ba ./Core/Src/system_stm32f4xx.o
 .debug_macro   0x0000000000014bf6      0x21a ./Drivers/STM32F4xx_HAL_Driver/Src/stm32f4xx_hal.o
 .debug_macro   0x0000000000014e10      0x1ba ./Drivers/STM32F4xx_HAL_Driver/Src/stm32f4xx_hal_cortex.o
 .debug_macro   0x0000000000014fca      0x1c0 ./Drivers/STM32F4xx_HAL_Driver/Src/stm32f4xx_hal_gpio.o
 .debug_macro   0x000000000001518a      0x1de ./Drivers/STM32F4xx_HAL_Driver/Src/stm32f4xx_hal_rcc.o
 .debug_macro   0x0000000000015368      0x1c9 ./Drivers/STM32F4xx_HAL_Driver/Src/stm32f4xx_hal_spi.o

.debug_line     0x0000000000000000     0xa070
 .debug_line    0x0000000000000000     0x1127 ./Core/Src/ili9341_spi.o
 .debug_line    0x0000000000001127     0x2c25 ./Core/Src/main.o
 .debug_line    0x0000000000003d4c      0x762 ./Core/Src/stm32f4xx_hal_msp.o
 .debug_line    0x00000000000044ae      0x7d7 ./Core/Src/stm32f4xx_it.o
 .debug_line    0x0000000000004c85      0x796 ./Core/Src/system_stm32f4xx.o
 .debug_line    0x000000000000541b       0x7a ./Core/Startup/startup_stm32f401cdux.o
 .debug_line    0x0000000000005495      0x9fc ./Drivers/STM32F4xx_HAL_Driver/Src/stm32f4xx_hal.o
 .debug_line    0x0000000000005e91      0xcab ./Drivers/STM32F4xx_HAL_Driver/Src/stm32f4xx_hal_cortex.o
 .debug_line    0x0000000000006b3c      0xb34 ./Drivers/STM32F4xx_HAL_Driver/Src/stm32f4xx_hal_gpio.o
 .debug_line    0x0000000000007670      0xd73 ./Drivers/STM32F4xx_HAL_Driver/Src/stm32f4xx_hal_rcc.o
 .debug_line    0x00000000000083e3     0x1c8d ./Drivers/STM32F4xx_HAL_Driver/Src/stm32f4xx_hal_spi.o

.debug_str      0x0000000000000000    0x84900
 .debug_str     0x0000000000000000    0x8225f ./Core/Src/ili9341_spi.o
                                      0x8254b (size before relaxing)
 .debug_str     0x000000000008225f      0xeca ./Core/Src/main.o
                                      0x7fbd1 (size before relaxing)
 .debug_str     0x0000000000083129       0x63 ./Core/Src/stm32f4xx_hal_msp.o
                                      0x7ece8 (size before relaxing)
 .debug_str     0x000000000008318c       0xc9 ./Core/Src/stm32f4xx_it.o
                                      0x7e761 (size before relaxing)
 .debug_str     0x0000000000083255       0xcb ./Core/Src/system_stm32f4xx.o
                                      0x7e71a (size before relaxing)
 .debug_str     0x0000000000083320       0x34 ./Core/Startup/startup_stm32f401cdux.o
                                         0x5d (size before relaxing)
 .debug_str     0x0000000000083354      0x9a4 ./Drivers/STM32F4xx_HAL_Driver/Src/stm32f4xx_hal.o
                                      0x7f13c (size before relaxing)
 .debug_str     0x0000000000083cf8      0x354 ./Drivers/STM32F4xx_HAL_Driver/Src/stm32f4xx_hal_cortex.o
                                      0x7ee5d (size before relaxing)
 .debug_str     0x000000000008404c      0x10b ./Drivers/STM32F4xx_HAL_Driver/Src/stm32f4xx_hal_gpio.o
                                      0x7e895 (size before relaxing)
 .debug_str     0x0000000000084157      0x228 ./Drivers/STM32F4xx_HAL_Driver/Src/stm32f4xx_hal_rcc.o
                                      0x7eb4e (size before relaxing)
 .debug_str     0x000000000008437f      0x581 ./Drivers/STM32F4xx_HAL_Driver/Src/stm32f4xx_hal_spi.o
                                      0x7efcc (size before relaxing)

.debug_frame    0x0000000000000000     0x22c4
 .debug_frame   0x0000000000000000      0x494 ./Core/Src/ili9341_spi.o
 .debug_frame   0x0000000000000494      0x838 ./Core/Src/main.o
 .debug_frame   0x0000000000000ccc       0x80 ./Core/Src/stm32f4xx_hal_msp.o
 .debug_frame   0x0000000000000d4c      0x104 ./Core/Src/stm32f4xx_it.o
 .debug_frame   0x0000000000000e50       0x58 ./Core/Src/system_stm32f4xx.o
 .debug_frame   0x0000000000000ea8      0x374 ./Drivers/STM32F4xx_HAL_Driver/Src/stm32f4xx_hal.o
 .debug_frame   0x000000000000121c      0x498 ./Drivers/STM32F4xx_HAL_Driver/Src/stm32f4xx_hal_cortex.o
 .debug_frame   0x00000000000016b4      0x14c ./Drivers/STM32F4xx_HAL_Driver/Src/stm32f4xx_hal_gpio.o
 .debug_frame   0x0000000000001800      0x1f4 ./Drivers/STM32F4xx_HAL_Driver/Src/stm32f4xx_hal_rcc.o
 .debug_frame   0x00000000000019f4      0x824 ./Drivers/STM32F4xx_HAL_Driver/Src/stm32f4xx_hal_spi.o
 .debug_frame   0x0000000000002218       0x20 C:/ST/STM32CubeIDE_1.13.0/STM32CubeIDE/plugins/com.st.stm32cube.ide.mcu.externaltools.gnu-tools-for-stm32.11.3.rel1.win32_1.1.0.202305231506/tools/bin/../lib/gcc/arm-none-eabi/11.3.1/../../../../arm-none-eabi/lib/thumb/v7e-m+fp/hard\libc_nano.a(libc_a-memset.o)
 .debug_frame   0x0000000000002238       0x2c C:/ST/STM32CubeIDE_1.13.0/STM32CubeIDE/plugins/com.st.stm32cube.ide.mcu.externaltools.gnu-tools-for-stm32.11.3.rel1.win32_1.1.0.202305231506/tools/bin/../lib/gcc/arm-none-eabi/11.3.1/../../../../arm-none-eabi/lib/thumb/v7e-m+fp/hard\libc_nano.a(libc_a-init.o)
 .debug_frame   0x0000000000002264       0x2c C:/ST/STM32CubeIDE_1.13.0/STM32CubeIDE/plugins/com.st.stm32cube.ide.mcu.externaltools.gnu-tools-for-stm32.11.3.rel1.win32_1.1.0.202305231506/tools/bin/../lib/gcc/arm-none-eabi/11.3.1/thumb/v7e-m+fp/hard\libgcc.a(_aeabi_uldivmod.o)
 .debug_frame   0x0000000000002290       0x34 C:/ST/STM32CubeIDE_1.13.0/STM32CubeIDE/plugins/com.st.stm32cube.ide.mcu.externaltools.gnu-tools-for-stm32.11.3.rel1.win32_1.1.0.202305231506/tools/bin/../lib/gcc/arm-none-eabi/11.3.1/thumb/v7e-m+fp/hard\libgcc.a(_udivmoddi4.o)

.debug_line_str
                0x0000000000000000       0x51
 .debug_line_str
                0x0000000000000000       0x51 ./Core/Startup/startup_stm32f401cdux.o
                                         0x69 (size before relaxing)
