../Core/Src/ili9341_spi.c:8:20:lcd_cs_lo	8	static
../Core/Src/ili9341_spi.c:13:20:lcd_cs_hi	8	static
../Core/Src/ili9341_spi.c:18:20:lcd_dc_lo	8	static
../Core/Src/ili9341_spi.c:21:20:lcd_dc_hi	8	static
../Core/Src/ili9341_spi.c:25:20:lcd_reset_lo	8	static
../Core/Src/ili9341_spi.c:28:20:lcd_reset_hi	8	static
../Core/Src/ili9341_spi.c:32:6:LCD_WriteComm	16	static
../Core/Src/ili9341_spi.c:39:6:LCD_WriteData	16	static
../Core/Src/ili9341_spi.c:47:6:LCD_WriteData2	24	static
../Core/Src/ili9341_spi.c:58:6:LCD_WriteDataN	16	static
../Core/Src/ili9341_spi.c:67:6:LCD_Read	24	static
../Core/Src/ili9341_spi.c:79:6:LCD_Init	8	static
../Core/Src/ili9341_spi.c:186:6:LCD_setAddrWindow	24	static
../Core/Src/ili9341_spi.c:206:6:LCD_SetCursor	16	static
../Core/Src/ili9341_spi.c:211:6:LCD_continuous_output	32	static
../Core/Src/ili9341_spi.c:226:6:LCD_Clear	24	static
../Core/Src/ili9341_spi.c:241:6:drawPixel	16	static
../Core/Src/ili9341_spi.c:247:16:getColor	24	static
../Core/Src/ili9341_spi.c:523:6:set_palette	16	static
../Core/Src/ili9341_spi.c:528:6:pset	24	static
../Core/Src/ili9341_spi.c:535:6:putbmpmn	40	static
../Core/Src/ili9341_spi.c:582:6:clrbmpmn	40	static
../Core/Src/ili9341_spi.c:598:6:gline	48	static
../Core/Src/ili9341_spi.c:644:6:hline	40	static
../Core/Src/ili9341_spi.c:660:6:circle	40	static
../Core/Src/ili9341_spi.c:683:6:boxfill	32	static
../Core/Src/ili9341_spi.c:704:6:circlefill	40	static
../Core/Src/ili9341_spi.c:724:6:putfont	56	static
../Core/Src/ili9341_spi.c:794:6:printstr	32	static
../Core/Src/ili9341_spi.c:800:6:printnum	40	static
../Core/Src/ili9341_spi.c:816:6:printnum2	32	static
../Core/Src/ili9341_spi.c:832:6:init_graphic	16	static
../Core/Src/ili9341_spi.c:849:6:DelayUs	16	static
