../Core/Src/main.c:178:6:sound_on	16	static
../Core/Src/main.c:182:6:sound_off	4	static
../Core/Src/main.c:186:6:wait60thsec	40	static
../Core/Src/main.c:191:15:startkeycheck	32	static
../Core/Src/main.c:206:6:playmusic60thsec	8	static
../Core/Src/main.c:225:6:startmusic	16	static
../Core/Src/main.c:239:6:printchar	32	static
../Core/Src/main.c:243:6:printstrc	16	static
../Core/Src/main.c:249:6:printscore	16	static
../Core/Src/main.c:259:6:putbmpmn3	48	static
../Core/Src/main.c:317:6:putpacman	24	static
../Core/Src/main.c:331:6:putmonster	32	static
../Core/Src/main.c:351:6:blinkpowercookie	8	static
../Core/Src/main.c:360:15:getfruitno	16	static
../Core/Src/main.c:365:6:putfruit	16	static
../Core/Src/main.c:369:6:putmapchar	24	static
../Core/Src/main.c:380:6:setfruit	16	static
../Core/Src/main.c:398:6:getfruit	8	static
../Core/Src/main.c:409:6:displayscore	8	static
../Core/Src/main.c:414:6:displayplayers	24	static
../Core/Src/main.c:420:6:displayfruits	24	static
../Core/Src/main.c:429:6:putmap	24	static
../Core/Src/main.c:470:6:initcharacter	24	static
../Core/Src/main.c:489:6:gameinit	8	static
../Core/Src/main.c:504:6:gameinit2	4	static
../Core/Src/main.c:513:6:gameinit3	8	static
../Core/Src/main.c:536:6:gameinit4	24	static
../Core/Src/main.c:555:6:keycheck	16	static
../Core/Src/main.c:600:6:movepacman	16	static
../Core/Src/main.c:635:6:movemonster	40	static
../Core/Src/main.c:799:6:moveakabei	16	static
../Core/Src/main.c:904:6:movepinky	16	static
../Core/Src/main.c:987:6:moveaosuke	16	static
../Core/Src/main.c:1054:6:moveguzuta	16	static
../Core/Src/main.c:1124:6:sound	16	static
../Core/Src/main.c:1203:6:erasechars2	24	static
../Core/Src/main.c:1235:6:erasechars	8	static
../Core/Src/main.c:1244:6:putpowercookies	8	static
../Core/Src/main.c:1251:6:displaychars	16	static
../Core/Src/main.c:1269:6:fruitcheck	8	static
../Core/Src/main.c:1295:6:movechars	8	static
../Core/Src/main.c:1305:6:setmonsterijike	16	static
../Core/Src/main.c:1318:15:monsterhuntcheck	24	static
../Core/Src/main.c:1345:6:huntedcheck	16	static
../Core/Src/main.c:1405:6:coffeebreak1	40	static
../Core/Src/main.c:1482:6:coffeebreak2	40	static
../Core/Src/main.c:1555:6:coffeebreak3	40	static
../Core/Src/main.c:1617:6:gamestart	16	static
../Core/Src/main.c:1640:6:deadanim	24	static
../Core/Src/main.c:1674:6:putwall	24	static
../Core/Src/main.c:1688:6:stageclear	16	static
../Core/Src/main.c:1726:6:gameover	8	static
../Core/Src/main.c:1732:6:title	48	static
../Core/Src/main.c:1895:6:game	8	static
../Core/Src/main.c:1942:5:main	8	static
../Core/Src/main.c:1992:6:SystemClock_Config	88	static
../Core/Src/main.c:2039:13:MX_SPI1_Init	8	static
../Core/Src/main.c:2077:13:MX_GPIO_Init	40	static
../Core/Src/main.c:2124:6:Error_Handler	4	static,ignoring_inline_asm
